// Jest Snapshot v1, https://goo.gl/fbAQLP

exports[`Mutations should match snapshot 1`] = `
"
  type Mutation {
    addMovie(externalId: Int!): UserMovie
    addSerie(externalId: Int!): UserSerie
  }
"
`;
