// Jest Snapshot v1, https://goo.gl/fbAQLP

exports[`Queries should match snapshot 1`] = `
"
type Query {
  getFortuneCookie: String @cacheControl(maxAge: 5)
  searchFilms(searchText: String!, language: String): [SearchMovieItem]
  searchSeries(searchText: String!, language: String): [SearchSerieItem]
  getMovie(externalId: Int!, language: String): Movie
  getSerie(externalId: Int!, language: String): Serie @cacheControl(maxAge: 5)
  getUserSeries(userId: String!): [UserSerie]
  getUserMovies(userId: String!): [UserMovie]
  getUserLastItems(userId: String!): [LastItem]
  getUserMovie(userId: String!, id: String!): UserMovie
  getUserSerie(userId: String!, id: String!): UserSerie
}
"
`;
